
> frontend@0.1.0 build
> craco build

node.exe : (node:24092) [DEP0176] DeprecationWarning: fs.F_OK is 
deprecated, use fs.constants.F_OK instead
At line:1 char:1
+ & "C:\Program Files\nodejs/node.exe" "C:\Program Files\nodejs/node_mo 
...
+ ~~~~~~~~~~~~~~~~~~~~~~~~~~~~~~~~~~~~~~~~~~~~~~~~~~~~~~~~~~~~~~~~~~~~~
    + CategoryInfo          : NotSpecified: ((node:24092) [D...ts.F_OK  
   instead:String) [], RemoteException
    + FullyQualifiedErrorId : NativeCommandError
 
(Use `node --trace-deprecation ...` to show where the warning was 
created)
Creating an optimized production build...

[1m[33mwarn[39m[22m - The class `duration-[10000ms]` is ambiguous 
and matches multiple utilities.
[1m[33mwarn[39m[22m - If this is content and not a class, replace 
it with `duration-&lsqb;10000ms&rsqb;` to silence this warning.

Treating warnings as errors because process.env.CI = true.
Most CI servers set it automatically.

Failed to compile.

[eslint] 
src\pages\Cart.js
  Line 21:6:  React Hook useEffect has a missing dependency: 'navigate'. Either include it or remove the dependency array  react-hooks/exhaustive-deps

src\pages\Home.js
  Line 40:6:  React Hook useEffect has a missing dependency: 'heroSlides.length'. Either include it or remove the dependency array  react-hooks/exhaustive-deps

src\pages\ProductDetail.js
  Line 35:6:  React Hook useEffect has a missing dependency: 'fetchProduct'. Either include it or remove the dependency array  react-hooks/exhaustive-deps

src\pages\Shop.js
  Line 53:6:  React Hook useEffect has a missing dependency: 'selectedCollectionId'. Either include it or remove the dependency array. You can also replace multiple useState variables with useReducer if 'setExpandedCollection' needs the current value of 'selectedCollectionId'  react-hooks/exhaustive-deps
  Line 90:6:  React Hook useEffect has a missing dependency: 'setSearchParams'. Either include it or remove the dependency array                                                                                                                                                      react-hooks/exhaustive-deps

src\pages\admin\AdminCustomers.js
  Line 20:6:  React Hook useEffect has a missing dependency: 'navigate'. Either include it or remove the dependency array  react-hooks/exhaustive-deps

src\pages\admin\AdminDashboard.js
  Line 25:6:  React Hook useEffect has a missing dependency: 'navigate'. Either include it or remove the dependency array  react-hooks/exhaustive-deps

src\pages\admin\AdminInventory.js
  Line 21:6:  React Hook useEffect has a missing dependency: 'navigate'. Either include it or remove the dependency array  react-hooks/exhaustive-deps

src\pages\admin\AdminOrders.js
  Line 22:6:  React Hook useEffect has a missing dependency: 'navigate'. Either include it or remove the dependency array  react-hooks/exhaustive-deps

src\pages\admin\AdminProducts.js
  Line 41:6:  React Hook useEffect has a missing dependency: 'navigate'. Either include it or remove the dependency array  react-hooks/exhaustive-deps


